MAP
    NAME "WMS-Mapserver"
    STATUS ON

    #TRANSPARENT ON
    #IMAGECOLOR 0 255 255
    IMAGEQUALITY 50
    IMAGETYPE png

    PROJECTION
        "init=epsg:3857"
    END

    #
    # Start of layer definitions
    #
    LAYER
        NAME 'dispersal'
        TYPE RASTER
        STATUS DEFAULT
        DATA "/media/ramfs/runs/siam-1/agg0.asc"
        PROJECTION
            "init=epsg:3857"
        END
        CLASSITEM "[pixel]"
        OFFSITE 0 0 0
        TRANSPARENCY 100
        PROCESSING "CLOSE_CONNECTION=ALWAYS"

          # class using an EXPRESSION using only [pixel].
          CLASS
            EXPRESSION (([pixel] > 2.4))
            STYLE
              OPACITY 100
              COLOR 255 30 30
            END
          END
          CLASS
            EXPRESSION (([pixel] > 1.9))
            STYLE
              OPACITY 80
              COLOR 255 200 60
            END
          END
          CLASS
            EXPRESSION (([pixel] > 0.1))
            STYLE
              OPACITY 50
              COLOR 255 250 100
            END
          END

    END # LAYER


    OUTPUTFORMAT
      NAME "png"
      DRIVER AGG/PNG
      MIMETYPE "image/png"
      IMAGEMODE RGBA
      TRANSPARENT ON
      EXTENSION "png"
    END
END # MAP
